\BOOKMARK [1][-]{section.1}{\376\377\000I\000n\000t\000r\000o\000d\000u\000c\000t\000i\000o\000n}{}% 1
\BOOKMARK [1][-]{section.2}{\376\377\000R\000e\000l\000a\000t\000e\000d\000\040\000W\000o\000r\000k}{}% 2
\BOOKMARK [1][-]{section.5}{\376\377\000O\000p\000e\000n\000A\000g\000e\000n\000c\000y}{}% 3
\BOOKMARK [2][-]{subsection.6}{\376\377\000M\000u\000l\000t\000i\000-\000a\000g\000e\000n\000t\000\040\000A\000r\000c\000h\000i\000t\000e\000c\000t\000u\000r\000e}{section.5}% 4
\BOOKMARK [2][-]{subsection.7}{\376\377\000G\000o\000v\000e\000r\000n\000e\000d\000\040\000C\000o\000l\000l\000a\000b\000o\000r\000a\000t\000i\000o\000n\000\040\000P\000r\000o\000t\000o\000c\000o\000l\000s}{section.5}% 5
\BOOKMARK [2][-]{subsection.11}{\376\377\000C\000o\000l\000l\000a\000b\000o\000r\000a\000t\000i\000o\000n\000-\000d\000r\000i\000v\000e\000n\000\040\000P\000r\000o\000t\000o\000c\000o\000l\000\040\000E\000v\000o\000l\000u\000t\000i\000o\000n}{section.5}% 6
\BOOKMARK [1][-]{section.16}{\376\377\000E\000x\000p\000e\000r\000i\000m\000e\000n\000t\000s}{}% 7
\BOOKMARK [2][-]{subsection.17}{\376\377\000B\000e\000n\000c\000h\000m\000a\000r\000k\000s}{section.16}% 8
\BOOKMARK [2][-]{subsection.18}{\376\377\000E\000x\000p\000e\000r\000i\000m\000e\000n\000t\000a\000l\000\040\000S\000e\000t\000u\000p}{section.16}% 9
\BOOKMARK [2][-]{subsection.19}{\376\377\000M\000a\000i\000n\000\040\000R\000e\000s\000u\000l\000t\000s}{section.16}% 10
\BOOKMARK [1][-]{section.22}{\376\377\000A\000n\000a\000l\000y\000s\000i\000s}{}% 11
\BOOKMARK [2][-]{subsection.23}{\376\377\000E\000f\000f\000e\000c\000t\000i\000v\000e\000n\000e\000s\000s\000\040\000o\000f\000\040\000P\000r\000o\000t\000o\000c\000o\000l\000\040\000E\000v\000o\000l\000u\000t\000i\000o\000n}{section.22}% 12
\BOOKMARK [2][-]{subsection.26}{\376\377\000C\000o\000m\000p\000o\000n\000e\000n\000t\000\040\000M\000e\000a\000s\000u\000r\000e\000m\000e\000n\000t\000s\000\040\000b\000e\000h\000i\000n\000d\000\040\000t\000h\000e\000\040\000G\000a\000i\000n}{section.22}% 13
\BOOKMARK [2][-]{subsection.31}{\376\377\000A\000d\000v\000a\000n\000t\000a\000g\000e\000\040\000o\000f\000\040\000M\000u\000l\000t\000i\000-\000a\000g\000e\000n\000t\000\040\000P\000r\000o\000t\000o\000c\000o\000l\000s}{section.22}% 14
\BOOKMARK [2][-]{subsection.32}{\376\377\000A\000b\000l\000a\000t\000i\000o\000n\000\040\000o\000f\000\040\000t\000h\000e\000\040\000E\000v\000o\000l\000v\000i\000n\000g\000\040\000S\000p\000a\000c\000e}{section.22}% 15
\BOOKMARK [2][-]{subsection.35}{\376\377\000C\000o\000m\000p\000a\000r\000i\000s\000o\000n\000\040\000a\000g\000a\000i\000n\000s\000t\000\040\000F\000r\000e\000e\000-\000f\000o\000r\000m\000\040\000a\000n\000d\000\040\000S\000O\000P\000\040\000B\000a\000s\000e\000l\000i\000n\000e\000s}{section.22}% 16
\BOOKMARK [2][-]{subsection.38}{\376\377\000F\000l\000e\000x\000i\000b\000i\000l\000i\000t\000y\000\040\000o\000f\000\040\000G\000o\000v\000e\000r\000n\000e\000d\000\040\000P\000r\000o\000t\000o\000c\000o\000l\000s\000\040\000a\000c\000r\000o\000s\000s\000\040\000T\000a\000s\000k\000s}{section.22}% 17
\BOOKMARK [2][-]{subsection.41}{\376\377\000S\000u\000p\000e\000r\000i\000o\000r\000i\000t\000y\000\040\000o\000f\000\040\000G\000o\000v\000e\000r\000n\000e\000d\000\040\000P\000r\000o\000t\000o\000c\000o\000l\000s\000\040\000o\000v\000e\000r\000\040\000F\000i\000x\000e\000d\000\040\000G\000r\000a\000p\000h\000s}{section.22}% 18
\BOOKMARK [1][-]{section.44}{\376\377\000C\000o\000n\000c\000l\000u\000s\000i\000o\000n}{}% 19
\BOOKMARK [1][-]{appendix.46}{\376\377\000B\000e\000n\000c\000h\000m\000a\000r\000k\000\040\000D\000e\000t\000a\000i\000l\000s}{}% 20
\BOOKMARK [1][-]{appendix.47}{\376\377\000C\000a\000s\000e\000\040\000S\000t\000u\000d\000y\000\040\000o\000f\000\040\000P\000r\000o\000t\000o\000c\000o\000l\000\040\000E\000v\000o\000l\000u\000t\000i\000o\000n}{}% 21
\BOOKMARK [1][-]{appendix.50}{\376\377\000P\000e\000r\000-\000b\000e\000n\000c\000h\000m\000a\000r\000k\000\040\000D\000e\000t\000a\000i\000l\000e\000d\000\040\000R\000e\000s\000u\000l\000t\000s}{}% 22
